---
source: crates/wzt-tui/tests/snapshots.rs
expression: shot
---
 wezterminator  ·  motion  ·  save:local-preset  ·  space:toggle  ·  [/]:speed  
┌ Motion ──────────────────────────────────────────────────────────────────────┐
│> scrollback parallax   on                                                    │
│  ALT+wheel vertical    on                                                    │
│  ALT+wheel horizontal  off                                                   │
│  auto-scroll           off                                                   │
│  auto-scroll speed     0.0 px/tick                                           │
│  auto-scroll axis      vertical                                              │
│                                                                              │
│                                                                              │
│                                                                              │
│                                                                              │
│                                                                              │
│                                                                              │
│                                                                              │
│                                                                              │
│                                                                              │
│                                                                              │
│                                                                              │
│                                                                              │
└──────────────────────────────────────────────────────────────────────────────┘
 status ────────────────────────────────────────────────────────────────────────
wezterm preview
